// Jest Snapshot v1, https://goo.gl/fbAQLP

exports[`renders homepage unchanged 1`] = `
<div>
  <div
    class="h-screen"
  >
    <div>
      <div
        class="h-16 w-auto shadow-md flex items-center md:px-28 justify-between px-4"
      >
        <div>
          <h1
            class="md:text-6xl text-4xl font-bold text-purple-900"
          >
            cF
          </h1>
        </div>
        <div
          class="hidden md:inline md:flex justify-between items-center space-x-20"
        >
          <div>
            <ul
              class="flex space-x-10 text-lg font-semibold opacity-80"
            >
              <li>
                <a
                  href="/"
                >
                  Home
                </a>
              </li>
              <li>
                <a
                  href="/"
                >
                  About
                </a>
              </li>
              <li>
                <a
                  href="/"
                >
                  Contact Us
                </a>
              </li>
            </ul>
          </div>
          <div>
            <button
              class="rounded-full bg-purple-800 text-white px-6 py-2"
            >
              Get Started
            </button>
          </div>
        </div>
        <div
          class="md:hidden lg:hidden"
        >
          <svg
            class="h-10 w-10"
            fill="currentColor"
            height="1em"
            stroke="currentColor"
            stroke-width="0"
            viewBox="0 0 20 20"
            width="1em"
            xmlns="http://www.w3.org/2000/svg"
          >
            <path
              clip-rule="evenodd"
              d="M3 5a1 1 0 011-1h12a1 1 0 110 2H4a1 1 0 01-1-1zM3 10a1 1 0 011-1h12a1 1 0 110 2H4a1 1 0 01-1-1zM3 15a1 1 0 011-1h12a1 1 0 110 2H4a1 1 0 01-1-1z"
              fill-rule="evenodd"
            />
          </svg>
        </div>
      </div>
    </div>
  </div>
</div>
`;
